// Jest Snapshot v1, https://goo.gl/fbAQLP

exports[`Checkbox should render correctly 1`] = `
.c0 {
  border: none;
  background-color: #eee;
  padding: 1.5rem 0.8rem;
  height: 45px;
  border-radius: 0px;
}

.c0[disabled] {
  color: rgba(0,0,0,0.25) !important;
  cursor: not-allowed !important;
  opacity: 0.5 !important;
}

<input
  className="sc-bwzfXH c0"
  type="checkbox"
>
  Test
</input>
`;
