// Jest Snapshot v1, https://goo.gl/fbAQLP

exports[`Button should render correctly 1`] = `
.c0 {
  display: -webkit-box;
  display: -webkit-flex;
  display: -ms-flexbox;
  display: flex;
  -webkit-flex-direction: row;
  -ms-flex-direction: row;
  flex-direction: row;
  padding: 0.4rem 1.2rem;
  -webkit-align-items: center;
  -webkit-box-align: center;
  -ms-flex-align: center;
  align-items: center;
  -webkit-box-pack: center;
  -webkit-justify-content: center;
  -ms-flex-pack: center;
  justify-content: center;
  font-weight: bold;
  font-size: 14px;
  text-align: center;
  cursor: pointer;
  -webkit-transition: 0.3s;
  transition: 0.3s;
  border-radius: 0px;
  border: 1.5px solid transparent;
  background: #3abf7c;
  color: #ffffff;
}

.c0 .c1 {
  margin-right: 0.5em;
}

.c0 .c1 svg {
  width: 0.8em;
  fill: #ffffff;
}

.c0:disabled {
  background: #E5E5E5;
  color: theme.colors.mono[500];
  cursor: not-allowed;
  pointer-events: none;
}

.c0.light {
  background: #f5f5f5;
  border-radius: 1px;
  color: #333;
  border: none;
}

.c0:hover {
  -webkit-text-decoration: none;
  text-decoration: none;
  color: #ffffff;
  background-color: #5FDD9D;
}

.c0:hover .c1 svg {
  fill: #ffffff;
}

.c0:active {
  background-color: #1B8B5C;
  box-shadow: none !important;
}

.c0:active .c1 svg {
  fill: #ffffff;
}

<button
  className="c0"
  onClick={[Function]}
>
  Test
</button>
`;
