// Jest Snapshot v1, https://goo.gl/fbAQLP

exports[`Select should render correctly 1`] = `
.c0 {
  color: #333333;
  padding: .6em 2.2em .5em .8em;
  height: 45px;
  border: 1.5px solid #999999;
  border-radius: 0px;
  -webkit-appearance: none;
  -moz-appearance: none;
  appearance: none;
  background-color: undefined;
  background-image: url(data:image/svg+xml;base64,PHN2ZyB3aWR0aD0iMTgiIGhlaWdodD0iMTEiIHZpZXdCb3g9IjAgMCAxOCAxMSIgZmlsbD0ibm9uZSIgeG1sbnM9Imh0dHA6Ly93d3cudzMub3JnLzIwMDAvc3ZnIj48cGF0aCBkPSJNMSAxTDkgOS42MTA5MUwxNyAxIiBzdHJva2U9IiM5OTk5OTkiIHN0cm9rZS13aWR0aD0iMS41IiBzdHJva2UtbWl0ZXJsaW1pdD0iMTAiIHN0cm9rZS1saW5lam9pbj0iYmV2ZWwiLz48L3N2Zz4=);
  background-repeat: no-repeat,repeat;
  background-position: right .7em top 50%,0 0;
  background-size: .9em auto,100%;
}

.c0:hover {
  background-image: url(data:image/svg+xml;base64,PHN2ZyB4bWxucz0iaHR0cDovL3d3dy53My5vcmcvMjAwMC9zdmciIGZpbGw9Im5vbmUiIHZpZXdCb3g9IjAgMCAxOCAxMSI+ICAgIDxwYXRoIHN0cm9rZT0iIzMzMyIgc3Ryb2tlLWxpbmVqb2luPSJiZXZlbCIgc3Ryb2tlLW1pdGVybGltaXQ9IjEwIiBzdHJva2Utd2lkdGg9IjEuNSIgZD0iTTEgMUw5IDkuNjEwOTFMMTcgMSIvPjwvc3ZnPg==);
  border-color: #333333;
}

.c0:disabled {
  background-image: url(data:image/svg+xml;base64,PHN2ZyB4bWxucz0iaHR0cDovL3d3dy53My5vcmcvMjAwMC9zdmciIGZpbGw9Im5vbmUiIHZpZXdCb3g9IjAgMCAxOCAxMSI+ICAgIDxwYXRoIHN0cm9rZT0iIzMzMyIgc3Ryb2tlLWxpbmVqb2luPSJiZXZlbCIgc3Ryb2tlLW1pdGVybGltaXQ9IjEwIiBzdHJva2Utd2lkdGg9IjEuNSIgZD0iTTEgMUw5IDkuNjEwOTFMMTcgMSIvPjwvc3ZnPg==);
  background: #E5E5E5;
  color: #999999;
  cursor: not-allowed !important;
  pointer-events: none;
}

<select
  className="c0"
>
  test
</select>
`;
