// Jest Snapshot v1, https://goo.gl/fbAQLP

exports[`Accordion should render correctly 1`] = `
.c0 {
  overflow: hidden;
  border-bottom: 1px solid #F5F5F5;
}

.c0 .accordion-content {
  width: 100%;
  display: none;
  padding: 0 1em;
  -webkit-flex-direction: column;
  -ms-flex-direction: column;
  flex-direction: column;
  -webkit-align-items: flex-start;
  -webkit-box-align: flex-start;
  -ms-flex-align: flex-start;
  align-items: flex-start;
  -webkit-animation: fadein 0.25s ease-in;
  animation: fadein 0.25s ease-in;
}

.c0 .accordion-label {
  display: -webkit-box;
  display: -webkit-flex;
  display: -ms-flexbox;
  display: flex;
  -webkit-box-pack: justify;
  -webkit-justify-content: space-between;
  -ms-flex-pack: justify;
  justify-content: space-between;
  padding: 1em;
  cursor: pointer;
}

.c0 .accordion-label::after {
  content: "\\276F";
  -webkit-transition: all .35s;
  transition: all .35s;
}

.c0.active .accordion-content {
  display: block;
}

.c0.active .accordion-label::after {
  -webkit-transform: rotate(90deg);
  -ms-transform: rotate(90deg);
  transform: rotate(90deg);
}

<div
  className="inactive c0"
>
  <span
    className="accordion-label"
    onClick={[Function]}
  />
  <span
    className="accordion-content"
  >
    Test
  </span>
</div>
`;
