// Jest Snapshot v1, https://goo.gl/fbAQLP

exports[`Input should render correctly 1`] = `
.c0 {
  border: none;
  background-color: #eee;
  padding: 1.5rem 0.8rem;
  height: 45px;
  border-radius: 0px;
}

.c0[disabled] {
  color: rgba(0,0,0,0.25) !important;
  cursor: not-allowed !important;
  opacity: 0.5 !important;
}

<input
  className="c0"
  defaultValue=""
  disabled={false}
  radius={0}
  type="text"
  value=""
/>
`;
