// Jest Snapshot v1, https://goo.gl/fbAQLP

exports[`Radio should render correctly 1`] = `
.c0 {
  border: 1.5px solid #999999;
  background-color: undefined;
  padding: 1rem 0.8rem;
  height: 45px;
  border-radius: 0px;
  color: #333333;
}

.c0:hover {
  border-color: #333333;
}

.c0:disabled {
  background: #E5E5E5;
  color: #999999;
  cursor: not-allowed !important;
}

<input
  className="c0"
  type="radio"
>
  Test
</input>
`;
