// Jest Snapshot v1, https://goo.gl/fbAQLP

exports[`Toggle should render correctly 1`] = `
.c3 {
  display: inline-block;
  width: 58px;
  height: 29px;
  background: #ffffff;
  border-color: #999999;
  border-width: 1.5px;
  border-style: solid;
  position: relative;
}

.c3:hover {
  border-color: #666666;
}

.c3::after {
  content: 'Off';
  font-size: 0.6em;
  font-weight: bold;
  line-height: 22px;
  color: #ffffff;
  text-align: center;
  text-transform: uppercase;
  background: #999999;
  width: 25px;
  height: 22px;
  box-sizing: border-box;
  margin: 0;
  padding: 0;
  position: absolute;
  left: 2px;
  top: 2px;
  display: inline-block;
  -webkit-transition: 250ms;
  transition: 250ms;
}

.c2 {
  border: 1.5px solid #999999;
  background-color: undefined;
  padding: 1rem 0.8rem;
  height: 45px;
  border-radius: 0px;
  color: #333333;
}

.c2:hover {
  border-color: #333333;
}

.c2:disabled {
  background: #E5E5E5;
  color: #999999;
  cursor: not-allowed !important;
  pointer-events: none;
}

.c0 {
  display: inline-block;
  vertical-align: middle;
}

.c1 {
  border: 0;
  -webkit-clip: rect(0 0 0 0);
  clip: rect(0 0 0 0);
  -webkit-clippath: inset(50%);
  clippath: inset(50%);
  height: 1px !important;
  margin: -1px;
  overflow: hidden;
  padding: 0;
  position: absolute;
  white-space: nowrap;
  width: 1px !important;
}

<div
  className="c0"
>
  <input
    className="c1 c2"
    type="checkbox"
  />
  <div
    className="c3"
  />
</div>
`;
